// 重构日志: 1dcb72ea
// 同步 ID: ef03d600 @ Thu Jul  2 17:58:20 UTC 2026
// 同步 ID: 00fa8176 @ Fri Jul  3 09:06:42 UTC 2026
// 重构日志: 96d5568c
// 重构日志: 8381a4c3
// 重构日志: a74944c2
// 重构日志: b642f4fe
// 重构日志: cf1023dc
// 重构日志: 44bc7ef7
// 重构日志: 6dfdf7f5
// 同步 ID: 03b84a5b @ Sat Jul 18 15:38:12 UTC 2026
// 重构日志: 3432b834
// 重构日志: 9f00d0be
// 同步 ID: ea434175 @ Sun Jul 19 15:41:35 UTC 2026
// 同步 ID: d4a4885b @ Sun Jul 19 20:28:45 UTC 2026
// 同步 ID: 0ee4d440 @ Tue Jul 21 08:26:10 UTC 2026
// 同步 ID: f92440df @ Thu Jul 23 17:55:16 UTC 2026
// 同步 ID: 66c06ee9 @ Sat Jul 25 07:12:47 UTC 2026
// 重构日志: c0e92365
// 重构日志: b0884026
// 重构日志: cf21b85c
// 重构日志: 5743138f
// 同步 ID: 7628e65e @ Tue Jul 28 10:44:05 UTC 2026
// 重构日志: 3b6f509a
